// Jest Snapshot v1, https://goo.gl/fbAQLP

exports[`Pruebas en GifItem Debe hacer match con el snapshot 1`] = `
<div>
  <div
    class="card"
  >
    <img
      alt="GifItem title"
      src="https://giphy.com/gifs/MDJ9IbxxvDUQM"
    />
    <p>
       
      GifItem title
       
    </p>
  </div>
</div>
`;
